// Jest Snapshot v1, https://goo.gl/fbAQLP

exports[`Render NoauthHeader Render NoauthHeader 1`] = `
<div
  className="header__nav-link header__nav-link--profile"
>
  <div
    className="header__avatar-wrapper user__avatar-wrapper"
  />
  <span
    className="header__user-name user__name"
  >
    <a
      href="/login"
      onClick={[Function]}
    >
       Sign In 
    </a>
  </span>
</div>
`;
