// Jest Snapshot v1, https://goo.gl/fbAQLP

exports[`Render connected to store component Should mainScreenComponent is rendered correctly  1`] = `null`;
