// Jest Snapshot v1, https://goo.gl/fbAQLP

exports[`Should HeaderContainer render correctly Should headerScreenComponent connected to store render correctly 1`] = `
<header
  className="header"
>
  <div
    className="container"
  >
    <div
      className="header__wrapper"
    >
      <div
        className="header__left"
      >
        <a
          className="header__logo-linkheader__logo-link--active"
        >
          <img
            alt="6 cities logo"
            className="header__logo"
            height="41"
            src="/img/logo.svg"
            width="81"
          />
        </a>
      </div>
      <nav
        className="header__nav"
      >
        <ul
          className="header__nav-list"
        >
          <li
            className="header__nav-item user"
          >
            <div
              className="header__nav-link header__nav-link--profile"
            >
              <img
                className="header__avatar-wrapper"
              />
              <span
                className="header__user-name user__name"
              >
                <a
                  href="/favorites"
                  onClick={[Function]}
                >
                   
                   
                </a>
              </span>
            </div>
          </li>
        </ul>
      </nav>
    </div>
  </div>
</header>
`;
